// Jest Snapshot v1, https://goo.gl/fbAQLP

exports[`CheckboxWithLabel should render correctly 1`] = `
<View
  style={
    {
      "alignItems": "center",
      "display": "flex",
      "flexDirection": "row",
      "gap": 8,
      "width": "100%",
    }
  }
>
  <View
    accessibilityState={
      {
        "busy": undefined,
        "checked": false,
        "disabled": undefined,
        "expanded": undefined,
        "selected": undefined,
      }
    }
    accessibilityValue={
      {
        "max": undefined,
        "min": undefined,
        "now": undefined,
        "text": undefined,
      }
    }
    accessible={true}
    collapsable={false}
    focusable={true}
    onBlur={[Function]}
    onClick={[Function]}
    onFocus={[Function]}
    onResponderGrant={[Function]}
    onResponderMove={[Function]}
    onResponderRelease={[Function]}
    onResponderTerminate={[Function]}
    onResponderTerminationRequest={[Function]}
    onStartShouldSetResponder={[Function]}
    style={
      [
        {
          "height": 25,
          "position": "relative",
          "width": 25,
        },
        undefined,
      ]
    }
    testID="test"
  >
    <View
      collapsable={false}
      style={
        {
          "backgroundColor": "transparent",
          "borderColor": "#ddd",
          "borderRadius": 4,
          "borderWidth": 2,
          "height": 25,
          "left": 0,
          "opacity": 1,
          "position": "absolute",
          "top": 0,
          "width": 25,
        }
      }
    />
    <View
      collapsable={false}
      style={
        {
          "alignItems": "center",
          "backgroundColor": "rgb(236, 72, 153)",
          "borderColor": "rgb(236, 72, 153)",
          "borderRadius": 4,
          "borderWidth": 2,
          "display": "flex",
          "height": 25,
          "justifyContent": "center",
          "left": 0,
          "opacity": 0,
          "position": "absolute",
          "top": 0,
          "width": 25,
        }
      }
      testID="checkbox-view"
    >
      <View
        collapsable={false}
        style={
          {
            "transform": [
              {
                "rotate": "180deg",
              },
              {
                "scale": 0,
              },
            ],
          }
        }
      >
        <Text />
      </View>
    </View>
  </View>
  <Text
    style={
      {
        "fontSize": 16,
      }
    }
  >
    Testing
  </Text>
</View>
`;
