// Jest Snapshot v1, https://goo.gl/fbAQLP

exports[`InputWithLabel should render correctly 1`] = `
<View
  style={
    {
      "display": "flex",
      "width": "100%",
    }
  }
>
  <Text
    style={
      {
        "fontSize": 16,
      }
    }
  >
    Testing
  </Text>
  <TextInput
    onBlur={[Function]}
    onChangeText={[Function]}
    onFocus={[Function]}
    secureTextEntry={false}
    style={
      [
        {
          "backgroundColor": "#fff",
          "borderColor": "#e5e7eb",
          "borderRadius": 6,
          "borderWidth": 2,
          "color": "black",
          "fontSize": 18,
          "lineHeight": 28,
          "padding": 4,
          "width": "100%",
        },
        false,
      ]
    }
    testID="test"
    value=""
  />
</View>
`;
